------------------------------------------------------------
Timing Analyzer Summary
------------------------------------------------------------

Type  : Slow 1100mV 85C Model Setup 'led_clk_div_count[4]'
Slack : -11.568
TNS   : -209.457

Type  : Slow 1100mV 85C Model Setup 'CLOCK_50'
Slack : -5.002
TNS   : -213.654

Type  : Slow 1100mV 85C Model Setup 'freqgen:ir_freqgen_1|out_clk'
Slack : -4.656
TNS   : -584.540

Type  : Slow 1100mV 85C Model Setup 'freqgen:ir_freqgen_0|out_clk'
Slack : -3.624
TNS   : -384.611

Type  : Slow 1100mV 85C Model Hold 'led_clk_div_count[4]'
Slack : 0.128
TNS   : 0.000

Type  : Slow 1100mV 85C Model Hold 'CLOCK_50'
Slack : 0.392
TNS   : 0.000

Type  : Slow 1100mV 85C Model Hold 'freqgen:ir_freqgen_1|out_clk'
Slack : 0.436
TNS   : 0.000

Type  : Slow 1100mV 85C Model Hold 'freqgen:ir_freqgen_0|out_clk'
Slack : 0.575
TNS   : 0.000

Type  : Slow 1100mV 85C Model Minimum Pulse Width 'CLOCK_50'
Slack : -0.534
TNS   : -42.729

Type  : Slow 1100mV 85C Model Minimum Pulse Width 'freqgen:ir_freqgen_0|out_clk'
Slack : -0.529
TNS   : -135.859

Type  : Slow 1100mV 85C Model Minimum Pulse Width 'freqgen:ir_freqgen_1|out_clk'
Slack : -0.394
TNS   : -81.820

Type  : Slow 1100mV 85C Model Minimum Pulse Width 'led_clk_div_count[4]'
Slack : -0.394
TNS   : -35.897

Type  : Slow 1100mV 0C Model Setup 'led_clk_div_count[4]'
Slack : -11.295
TNS   : -207.810

Type  : Slow 1100mV 0C Model Setup 'CLOCK_50'
Slack : -5.069
TNS   : -210.517

Type  : Slow 1100mV 0C Model Setup 'freqgen:ir_freqgen_1|out_clk'
Slack : -4.585
TNS   : -559.526

Type  : Slow 1100mV 0C Model Setup 'freqgen:ir_freqgen_0|out_clk'
Slack : -3.573
TNS   : -370.967

Type  : Slow 1100mV 0C Model Hold 'led_clk_div_count[4]'
Slack : 0.180
TNS   : 0.000

Type  : Slow 1100mV 0C Model Hold 'CLOCK_50'
Slack : 0.389
TNS   : 0.000

Type  : Slow 1100mV 0C Model Hold 'freqgen:ir_freqgen_1|out_clk'
Slack : 0.450
TNS   : 0.000

Type  : Slow 1100mV 0C Model Hold 'freqgen:ir_freqgen_0|out_clk'
Slack : 0.568
TNS   : 0.000

Type  : Slow 1100mV 0C Model Minimum Pulse Width 'CLOCK_50'
Slack : -0.514
TNS   : -45.949

Type  : Slow 1100mV 0C Model Minimum Pulse Width 'freqgen:ir_freqgen_0|out_clk'
Slack : -0.507
TNS   : -132.641

Type  : Slow 1100mV 0C Model Minimum Pulse Width 'freqgen:ir_freqgen_1|out_clk'
Slack : -0.394
TNS   : -81.986

Type  : Slow 1100mV 0C Model Minimum Pulse Width 'led_clk_div_count[4]'
Slack : -0.394
TNS   : -35.405

Type  : Fast 1100mV 85C Model Setup 'led_clk_div_count[4]'
Slack : -7.139
TNS   : -102.003

Type  : Fast 1100mV 85C Model Setup 'CLOCK_50'
Slack : -2.883
TNS   : -99.344

Type  : Fast 1100mV 85C Model Setup 'freqgen:ir_freqgen_1|out_clk'
Slack : -2.508
TNS   : -299.517

Type  : Fast 1100mV 85C Model Setup 'freqgen:ir_freqgen_0|out_clk'
Slack : -2.257
TNS   : -210.141

Type  : Fast 1100mV 85C Model Hold 'freqgen:ir_freqgen_0|out_clk'
Slack : 0.021
TNS   : 0.000

Type  : Fast 1100mV 85C Model Hold 'led_clk_div_count[4]'
Slack : 0.050
TNS   : 0.000

Type  : Fast 1100mV 85C Model Hold 'freqgen:ir_freqgen_1|out_clk'
Slack : 0.166
TNS   : 0.000

Type  : Fast 1100mV 85C Model Hold 'CLOCK_50'
Slack : 0.188
TNS   : 0.000

Type  : Fast 1100mV 85C Model Minimum Pulse Width 'CLOCK_50'
Slack : -0.551
TNS   : -10.418

Type  : Fast 1100mV 85C Model Minimum Pulse Width 'freqgen:ir_freqgen_0|out_clk'
Slack : -0.301
TNS   : -22.982

Type  : Fast 1100mV 85C Model Minimum Pulse Width 'freqgen:ir_freqgen_1|out_clk'
Slack : -0.039
TNS   : -1.061

Type  : Fast 1100mV 85C Model Minimum Pulse Width 'led_clk_div_count[4]'
Slack : 0.018
TNS   : 0.000

Type  : Fast 1100mV 0C Model Setup 'led_clk_div_count[4]'
Slack : -6.406
TNS   : -91.435

Type  : Fast 1100mV 0C Model Setup 'CLOCK_50'
Slack : -2.566
TNS   : -85.231

Type  : Fast 1100mV 0C Model Setup 'freqgen:ir_freqgen_1|out_clk'
Slack : -2.189
TNS   : -260.854

Type  : Fast 1100mV 0C Model Setup 'freqgen:ir_freqgen_0|out_clk'
Slack : -1.909
TNS   : -177.145

Type  : Fast 1100mV 0C Model Hold 'freqgen:ir_freqgen_0|out_clk'
Slack : -0.020
TNS   : -0.020

Type  : Fast 1100mV 0C Model Hold 'led_clk_div_count[4]'
Slack : 0.059
TNS   : 0.000

Type  : Fast 1100mV 0C Model Hold 'freqgen:ir_freqgen_1|out_clk'
Slack : 0.150
TNS   : 0.000

Type  : Fast 1100mV 0C Model Hold 'CLOCK_50'
Slack : 0.182
TNS   : 0.000

Type  : Fast 1100mV 0C Model Minimum Pulse Width 'CLOCK_50'
Slack : -0.497
TNS   : -10.147

Type  : Fast 1100mV 0C Model Minimum Pulse Width 'freqgen:ir_freqgen_0|out_clk'
Slack : -0.213
TNS   : -13.476

Type  : Fast 1100mV 0C Model Minimum Pulse Width 'freqgen:ir_freqgen_1|out_clk'
Slack : 0.005
TNS   : 0.000

Type  : Fast 1100mV 0C Model Minimum Pulse Width 'led_clk_div_count[4]'
Slack : 0.036
TNS   : 0.000

------------------------------------------------------------
